// Jest Snapshot v1, https://goo.gl/fbAQLP

exports[`<Typography /> 스냅샷 테스트 1`] = `
<Text
  breakWord={false}
  color="black"
  fontWeight="normal"
  style={
    [
      {
        "color": "black",
        "fontFamily": "Pretendard",
        "fontSize": 40,
        "fontWeight": 400,
        "lineHeight": 52,
      },
      undefined,
    ]
  }
  variant="Display2"
>
  Typography
</Text>
`;
